// Jest Snapshot v1, https://goo.gl/fbAQLP

exports[`matches snapshot 1`] = `
<DocumentFragment>
  <div
    class="AutoCompleteItem "
  >
    <h3>
       â€“ 
    </h3>
    <p>
       | 
    </p>
  </div>
</DocumentFragment>
`;
