// Jest Snapshot v1, https://goo.gl/fbAQLP

exports[`matches snapshot 1`] = `
<DocumentFragment>
  <div
    class="Login container col-md-6 offset-md-3 col-lg-4 offset-lg-4 mt-5 text-left"
  >
    <div
      class="d-flex justify-content-end"
    >
      <div
        class="btn-group"
      >
        <button
          class="btn login active"
        >
          Login
        </button>
        <button
          class="btn signup "
        >
          Sign up
        </button>
      </div>
    </div>
    <div
      class="card"
    >
      <div
        class="card-body"
      >
        <h3
          class="my-4"
        >
          Log in or create a new account
        </h3>
        <form>
          <div
            class="form-group"
          >
            <label>
              Username
            </label>
            <input
              class="form-control"
              name="username"
              value=""
            />
          </div>
          <div
            class="form-group"
          >
            <label>
              Password
            </label>
            <input
              class="form-control"
              name="password"
              type="password"
              value=""
            />
          </div>
          <button
            class="btn btn-primary float-right"
            type="submit"
          >
            Submit
          </button>
        </form>
      </div>
    </div>
  </div>
</DocumentFragment>
`;
