// Jest Snapshot v1, https://goo.gl/fbAQLP

exports[`matches snapshot 1`] = `
<DocumentFragment>
  <nav
    class="navbar navbar-light"
  >
    <a
      class="navbar-brand text-dark"
      href="/"
    >
      <img
        alt="stockX logo"
        src="stockX-logo.png"
      />
    </a>
    <div
      class="Search"
    >
      <form
        autocomplete="off"
        class="form-inline"
      >
        <input
          class="form-control form-control-lg flex-grow-1"
          name="query"
          placeholder="Search for stock or mutual fund"
          value=""
        />
        <div
          class="autocomplete "
        />
      </form>
    </div>
    <ul
      class="navbar-nav flex-row"
    >
      <li
        class="nav-item px-3"
      >
        <a
          class="nav-link"
          href="/login"
        >
          Log In
        </a>
      </li>
      <li
        class="nav-item px-3"
      >
        <a
          class="btn btn-primary btn-md mr-4 mt-0"
          href="/login"
        >
          Sign Up
        </a>
      </li>
    </ul>
  </nav>
</DocumentFragment>
`;
